<?xml version='1.0' encoding='utf-8'?>
<expr>
  <attrs>
    <attr name="optionA">
      <list>
        <attrs>
          <attr name="_type">
            <string value="option" />
          </attr>
          <attr name="default">
            <bool value="false" />
          </attr>
          <attr name="merge">
            <unevaluated />
          </attr>
          <attr name="name">
            <string value="optionA" />
          </attr>
        </attrs>
      </list>
    </attr>
    <attr name="optionB">
      <list>
        <attrs>
          <attr name="_type">
            <string value="option" />
          </attr>
          <attr name="default">
            <bool value="false" />
          </attr>
          <attr name="name">
            <string value="optionB" />
          </attr>
        </attrs>
      </list>
    </attr>
    <attr name="optionC">
      <list>
        <attrs>
          <attr name="_type">
            <string value="option" />
          </attr>
          <attr name="default">
            <bool value="false" />
          </attr>
          <attr name="name">
            <string value="optionC" />
          </attr>
        </attrs>
      </list>
    </attr>
    <attr name="optionD">
      <attrs>
      </attrs>
    </attr>
  </attrs>
</expr>
